
> flow-board@0.0.0 test
> jest

npm : PASS src/utils/localStorage.test.js (5.069 s)
At line:1 char:1
+ npm test 2>&1 | Tee-Object -FilePath test-output.txt
+ ~~~~~~~~~~~~~
    + CategoryInfo          : NotSpecified: (PASS src/utils/...st.js (5.069 s):String) [], RemoteException
    + FullyQualifiedErrorId : NativeCommandError
 
PASS src/utils/taskHelpers.test.js (5.146 s)
PASS src/helpers/exportHelpers.test.js (5.291 s)
PASS src/hooks/useHistory.test.js (5.728 s)
PASS src/components/Toast/Toast.test.jsx (6.005 s)
PASS src/components/Column/Column.test.jsx (6.239 s)
PASS src/components/Task/TaskCard.test.jsx (6.158 s)
PASS src/components/ErrorBoundary/ErrorBoundary.test.jsx (6.262 s)
PASS src/components/Header/Header.test.jsx (6.317 s)
PASS src/context/BoardContext.test.jsx (6.317 s)
PASS src/components/Filter/Filter.test.jsx (6.293 s)
PASS src/components/ExportModal/ExportModal.test.jsx (6.355 s)
PASS src/App.test.jsx (7.461 s)
----------------------------------|---------|----------|---------|---------|------------------------------------------------------------------------------
File                              | % Stmts | % Branch | % Funcs | % Lines | Uncovered Line #s                                                            
----------------------------------|---------|----------|---------|---------|------------------------------------------------------------------------------
All files                         |   57.06 |    41.47 |   53.48 |   59.29 |                                                                              
 src                              |     100 |      100 |     100 |     100 |                                                                              
  App.jsx                         |     100 |      100 |     100 |     100 |                                                                              
 src/components/Board             |    26.8 |     5.45 |   16.66 |   28.26 |                                                                              
  Board.jsx                       |    26.8 |     5.45 |   16.66 |   28.26 | 32-38,47-49,57-70,80-100,107,114-119,127-138,145-157,164-169,175-179,185-194 
 src/components/Column            |   40.54 |    39.47 |      50 |   48.38 |                                                                              
  Column.jsx                      |   40.54 |    39.47 |      50 |   48.38 | 31-32,40-59,66-67                                                            
 src/components/ErrorBoundary     |   66.66 |    66.66 |   66.66 |   66.66 |                                                                              
  ErrorBoundary.jsx               |   66.66 |    66.66 |   66.66 |   66.66 | 32-38,42-44                                                                  
 src/components/ExportModal       |   38.46 |       50 |   30.76 |   39.58 |                                                                              
  ExportModal.jsx                 |   38.46 |       50 |   30.76 |   39.58 | 33-37,45,49-95,100,156,217                                                   
 src/components/Filter            |   84.21 |       90 |   71.42 |   84.21 |                                                                              
  Filter.jsx                      |   84.21 |       90 |   71.42 |   84.21 | 24,39,53                                                                     
 src/components/Header            |   85.71 |      100 |   66.66 |   85.71 |                                                                              
  Header.jsx                      |   85.71 |      100 |   66.66 |   85.71 | 73                                                                           
 src/components/KeyboardShortcuts |      50 |       25 |   14.28 |      50 |                                                                              
  KeyboardShortcuts.jsx           |      50 |       25 |   14.28 |      50 | 22,26-28,49-64                                                               
 src/components/Task              |   46.34 |    28.57 |      50 |    48.3 |                                                                              
  TaskCard.jsx                    |   34.83 |    19.14 |   33.33 |    36.9 | 25,34-43,48-49,61-89,106-111,119-124,133-155                                 
  TaskForm.jsx                    |   76.47 |    56.25 |   83.33 |   76.47 | 26,30,45,57-58,74-76                                                         
 src/components/Toast             |     100 |    83.33 |     100 |     100 |                                                                              
  Toast.jsx                       |     100 |    83.33 |     100 |     100 | 9                                                                            
 src/constants                    |     100 |      100 |     100 |     100 |                                                                              
  index.js                        |     100 |      100 |     100 |     100 |                                                                              
 src/context                      |   87.67 |    59.09 |   83.33 |    88.4 |                                                                              
  BoardContext.jsx                |   87.67 |    59.09 |   83.33 |    88.4 | 20,52,127-129,164-167                                                        
 src/hooks                        |     100 |      100 |     100 |     100 |                                                                              
  useHistory.js                   |     100 |      100 |     100 |     100 |                                                                              
 src/utils                        |   61.53 |    51.45 |   49.09 |   64.41 |                                                                              
  exportHelpers.js                |   77.92 |    71.42 |   56.25 |   77.63 | 38-39,51-52,56-57,69-70,108,151-152,165-174                                  
  localStorage.js                 |   76.92 |    77.41 |   76.92 |   76.92 | 24,63-64,77-78,103-111,136-137,152-153,165,189,204,212                       
  taskHelpers.js                  |   30.37 |    20.45 |   30.76 |   35.29 | 41-57,70,79,88-94,104-110,123-153,177-183,211-212,225-236                    
----------------------------------|---------|----------|---------|---------|------------------------------------------------------------------------------

Test Suites: 13 passed, 13 total
Tests:       143 passed, 143 total
Snapshots:   0 total
Time:        14.489 s
Ran all test suites.
