
> flow-board@0.0.0 test
> jest

npm : FAIL src/utils/localStorage.test.js (5.699 s)
At line:1 char:1
+ npm test 2>&1 | Tee-Object -FilePath test-results.txt; Get-Content te ...
+ ~~~~~~~~~~~~~
    + CategoryInfo          : NotSpecified: (FAIL src/utils/...st.js (5.699 s):String) [], RemoteException
    + FullyQualifiedErrorId : NativeCommandError
 
  ΓùÅ Console

    console.error
      Error saving to localStorage: Error: QuotaExceededError
          at Proxy.<anonymous> (D:\1065\Repo\FlowBoard\src\utils\localStorage.test.js:30:15)
          at D:\1065\Repo\FlowBoard\node_modules\jest-mock\build\index.js:305:39
          at Proxy.<anonymous> (D:\1065\Repo\FlowBoard\node_modules\jest-mock\build\index.js:312:13)
          at Proxy.mockConstructor (D:\1065\Repo\FlowBoard\node_modules\jest-mock\build\index.js:102:19)
          at setItem (D:\1065\Repo\FlowBoard\src\utils\localStorage.js:17:18)
          at Object.<anonymous> (D:\1065\Repo\FlowBoard\src\utils\localStorage.test.js:33:29)
          at Promise.finally.completed 
(D:\1065\Repo\FlowBoard\node_modules\jest-circus\build\jestAdapterInit.js:1557:28)
          at new Promise (<anonymous>)
          at callAsyncCircusFn (D:\1065\Repo\FlowBoard\node_modules\jest-circus\build\jestAdapterInit.js:1497:10)
          at _callCircusTest (D:\1065\Repo\FlowBoard\node_modules\jest-circus\build\jestAdapterInit.js:1007:40)
          at processTicksAndRejections (node:internal/process/task_queues:95:5)
          at _runTest (D:\1065\Repo\FlowBoard\node_modules\jest-circus\build\jestAdapterInit.js:947:3)
          at D:\1065\Repo\FlowBoard\node_modules\jest-circus\build\jestAdapterInit.js:849:7
          at _runTestsForDescribeBlock (D:\1065\Repo\FlowBoard\node_modules\jest-circus\build\jestAdapterInit.js:862:11)
          at _runTestsForDescribeBlock (D:\1065\Repo\FlowBoard\node_modules\jest-circus\build\jestAdapterInit.js:857:11)
          at _runTestsForDescribeBlock (D:\1065\Repo\FlowBoard\node_modules\jest-circus\build\jestAdapterInit.js:857:11)
          at run (D:\1065\Repo\FlowBoard\node_modules\jest-circus\build\jestAdapterInit.js:761:3)
          at runAndTransformResultsToJestFormat 
(D:\1065\Repo\FlowBoard\node_modules\jest-circus\build\jestAdapterInit.js:1918:21)
          at jestAdapter (D:\1065\Repo\FlowBoard\node_modules\jest-circus\build\runner.js:101:19)
          at runTestInternal (D:\1065\Repo\FlowBoard\node_modules\jest-runner\build\testWorker.js:275:16)
          at runTest (D:\1065\Repo\FlowBoard\node_modules\jest-runner\build\testWorker.js:343:7)
          at Object.worker (D:\1065\Repo\FlowBoard\node_modules\jest-runner\build\testWorker.js:497:12)

    [0m [90m 18 |[39m     [36mreturn[39m [36mtrue[39m[33m;[39m
     [90m 19 |[39m   } [36mcatch[39m (error) {
    [31m[1m>[22m[39m[90m 20 |[39m     console[33m.[39merror([32m'Error saving to 
localStorage:'[39m[33m,[39m error)[33m;[39m
     [90m    |[39m             [31m[1m^[22m[39m
     [90m 21 |[39m     
     [90m 22 |[39m     [90m// Check if it's a quota exceeded error[39m
     [90m 23 |[39m     [36mif[39m (error[33m.[39mname [33m===[39m [32m'QuotaExceededError'[39m) {[0m

      at error (src/utils/localStorage.js:20:13)
      at Object.<anonymous> (src/utils/localStorage.test.js:33:29)

    console.error
      Error reading from localStorage: SyntaxError: Unexpected token 'o', "not valid json" is not valid JSON
          at JSON.parse (<anonymous>)
          at parse (D:\1065\Repo\FlowBoard\src\utils\localStorage.js:45:17)
          at Object.<anonymous> (D:\1065\Repo\FlowBoard\src\utils\localStorage.test.js:52:27)
          at Promise.finally.completed 
(D:\1065\Repo\FlowBoard\node_modules\jest-circus\build\jestAdapterInit.js:1557:28)
          at new Promise (<anonymous>)
          at callAsyncCircusFn (D:\1065\Repo\FlowBoard\node_modules\jest-circus\build\jestAdapterInit.js:1497:10)
          at _callCircusTest (D:\1065\Repo\FlowBoard\node_modules\jest-circus\build\jestAdapterInit.js:1007:40)
          at processTicksAndRejections (node:internal/process/task_queues:95:5)
          at _runTest (D:\1065\Repo\FlowBoard\node_modules\jest-circus\build\jestAdapterInit.js:947:3)
          at D:\1065\Repo\FlowBoard\node_modules\jest-circus\build\jestAdapterInit.js:849:7
          at _runTestsForDescribeBlock (D:\1065\Repo\FlowBoard\node_modules\jest-circus\build\jestAdapterInit.js:862:11)
          at _runTestsForDescribeBlock (D:\1065\Repo\FlowBoard\node_modules\jest-circus\build\jestAdapterInit.js:857:11)
          at _runTestsForDescribeBlock (D:\1065\Repo\FlowBoard\node_modules\jest-circus\build\jestAdapterInit.js:857:11)
          at run (D:\1065\Repo\FlowBoard\node_modules\jest-circus\build\jestAdapterInit.js:761:3)
          at runAndTransformResultsToJestFormat 
(D:\1065\Repo\FlowBoard\node_modules\jest-circus\build\jestAdapterInit.js:1918:21)
          at jestAdapter (D:\1065\Repo\FlowBoard\node_modules\jest-circus\build\runner.js:101:19)
          at runTestInternal (D:\1065\Repo\FlowBoard\node_modules\jest-runner\build\testWorker.js:275:16)
          at runTest (D:\1065\Repo\FlowBoard\node_modules\jest-runner\build\testWorker.js:343:7)
          at Object.worker (D:\1065\Repo\FlowBoard\node_modules\jest-runner\build\testWorker.js:497:12)

    [0m [90m 45 |[39m     [36mreturn[39m [33mJSON[39m[33m.[39mparse(item)[33m;[39m
     [90m 46 |[39m   } [36mcatch[39m (error) {
    [31m[1m>[22m[39m[90m 47 |[39m     console[33m.[39merror([32m'Error reading from 
localStorage:'[39m[33m,[39m error)[33m;[39m
     [90m    |[39m             [31m[1m^[22m[39m
     [90m 48 |[39m     console[33m.[39merror([33mERROR_MESSAGES[39m[33m.[39m[33mINVALID_DATA[39m)[33m;[39m
     [90m 49 |[39m     [36mreturn[39m defaultValue[33m;[39m
     [90m 50 |[39m   }[0m

      at error (src/utils/localStorage.js:47:13)
      at Object.<anonymous> (src/utils/localStorage.test.js:52:27)

    console.error
      Unable to load tasks. Data may be corrupted.

    [0m [90m 46 |[39m   } [36mcatch[39m (error) {
     [90m 47 |[39m     console[33m.[39merror([32m'Error reading from localStorage:'[39m[33m,[39m 
error)[33m;[39m
    [31m[1m>[22m[39m[90m 48 |[39m     
console[33m.[39merror([33mERROR_MESSAGES[39m[33m.[39m[33mINVALID_DATA[39m)[33m;[39m
     [90m    |[39m             [31m[1m^[22m[39m
     [90m 49 |[39m     [36mreturn[39m defaultValue[33m;[39m
     [90m 50 |[39m   }
     [90m 51 |[39m }[33m;[39m[0m

      at error (src/utils/localStorage.js:48:13)
      at Object.<anonymous> (src/utils/localStorage.test.js:52:27)

  ΓùÅ localStorage utilities ΓÇ║ Task Storage Operations ΓÇ║ loadTasks filters out invalid tasks

    expect(received).toHaveLength(expected)

    Expected length: 2
    Received length: 3
    Received array:  [{"createdAt": 1767558945255, "id": "1", "order": 0, "status": "todo", "taskNumber": "TASK-001", 
"title": "Valid Task"}, {"id": "2", "status": "invalid", "title": ""}, {"createdAt": 1767558945255, "id": "3", "order": 
1, "status": "done", "taskNumber": "TASK-002", "title": "Another Valid"}]

    [0m [90m 108 |[39m
     [90m 109 |[39m       [36mconst[39m loaded [33m=[39m loadTasks()[33m;[39m
    [31m[1m>[22m[39m[90m 110 |[39m       expect(loaded)[33m.[39mtoHaveLength([35m2[39m)[33m;[39m
     [90m     |[39m                      [31m[1m^[22m[39m
     [90m 111 |[39m       expect(loaded[[35m0[39m][33m.[39mtitle)[33m.[39mtoBe([32m'Valid 
Task'[39m)[33m;[39m
     [90m 112 |[39m       expect(loaded[[35m1[39m][33m.[39mtitle)[33m.[39mtoBe([32m'Another 
Valid'[39m)[33m;[39m
     [90m 113 |[39m     })[33m;[39m[0m

      at Object.toHaveLength (src/utils/localStorage.test.js:110:22)

  ΓùÅ localStorage utilities ΓÇ║ Task Validation ΓÇ║ validateTask rejects task without id

    expect(received).toContain(expected) // indexOf

    Expected value: "Task must have an id"
    Received array: ["Task must have a valid id"]

    [0m [90m 141 |[39m       [36mconst[39m result [33m=[39m validateTask(task)[33m;[39m
     [90m 142 |[39m       expect(result[33m.[39mvalid)[33m.[39mtoBe([36mfalse[39m)[33m;[39m
    [31m[1m>[22m[39m[90m 143 |[39m       expect(result[33m.[39merrors)[33m.[39mtoContain([32m'Task must have 
an id'[39m)[33m;[39m
     [90m     |[39m                             [31m[1m^[22m[39m
     [90m 144 |[39m     })[33m;[39m
     [90m 145 |[39m
     [90m 146 |[39m     test([32m'validateTask rejects task with empty title'[39m[33m,[39m () [33m=>[39m {[0m

      at Object.toContain (src/utils/localStorage.test.js:143:29)

  ΓùÅ localStorage utilities ΓÇ║ Task Validation ΓÇ║ validateTask rejects task with empty title

    expect(received).toContain(expected) // indexOf

    Expected value: "Task must have a non-empty title"
    Received array: ["Task must have a valid title"]

    [0m [90m 156 |[39m       [36mconst[39m result [33m=[39m validateTask(task)[33m;[39m
     [90m 157 |[39m       expect(result[33m.[39mvalid)[33m.[39mtoBe([36mfalse[39m)[33m;[39m
    [31m[1m>[22m[39m[90m 158 |[39m       expect(result[33m.[39merrors)[33m.[39mtoContain([32m'Task must have 
a non-empty title'[39m)[33m;[39m
     [90m     |[39m                             [31m[1m^[22m[39m
     [90m 159 |[39m     })[33m;[39m
     [90m 160 |[39m
     [90m 161 |[39m     test([32m'validateTask rejects task with invalid status'[39m[33m,[39m () [33m=>[39m 
{[0m

      at Object.toContain (src/utils/localStorage.test.js:158:29)

  ΓùÅ localStorage utilities ΓÇ║ Task Validation ΓÇ║ validateTask rejects task with invalid status

    expect(received).toBe(expected) // Object.is equality

    Expected: false
    Received: true

    [0m [90m 170 |[39m
     [90m 171 |[39m       [36mconst[39m result [33m=[39m validateTask(task)[33m;[39m
    [31m[1m>[22m[39m[90m 172 |[39m       expect(result[33m.[39mvalid)[33m.[39mtoBe([36mfalse[39m)[33m;[39m
     [90m     |[39m                            [31m[1m^[22m[39m
     [90m 173 |[39m       expect(result[33m.[39merrors)[33m.[39mtoContain([32m"Task status must be 'todo', 
'inProgress', or 'done'"[39m)[33m;[39m
     [90m 174 |[39m     })[33m;[39m
     [90m 175 |[39m[0m

      at Object.toBe (src/utils/localStorage.test.js:172:28)

  ΓùÅ localStorage utilities ΓÇ║ Task Validation ΓÇ║ validateTasks returns valid tasks and counts

    TypeError: expect(received).toHaveLength(expected)

    Matcher error: received value must have a length property whose value must be a number

    Received has value: undefined

    [0m [90m 195 |[39m
     [90m 196 |[39m       [36mconst[39m result [33m=[39m validateTasks(tasks)[33m;[39m
    [31m[1m>[22m[39m[90m 197 |[39m       
expect(result[33m.[39mvalidTasks)[33m.[39mtoHaveLength([35m2[39m)[33m;[39m
     [90m     |[39m                                 [31m[1m^[22m[39m
     [90m 198 |[39m       expect(result[33m.[39minvalidCount)[33m.[39mtoBe([35m1[39m)[33m;[39m
     [90m 199 |[39m     })[33m;[39m
     [90m 200 |[39m   })[33m;[39m[0m

      at Object.toHaveLength (src/utils/localStorage.test.js:197:33)

  ΓùÅ localStorage utilities ΓÇ║ Storage Availability ΓÇ║ isStorageAvailable returns true for available localStorage

    TypeError: (0 , _localStorage.isStorageAvailable) is not a function

    [0m [90m 202 |[39m   describe([32m'Storage Availability'[39m[33m,[39m () [33m=>[39m {
     [90m 203 |[39m     test([32m'isStorageAvailable returns true for available localStorage'[39m[33m,[39m () 
[33m=>[39m {
    [31m[1m>[22m[39m[90m 204 |[39m       expect(isStorageAvailable())[33m.[39mtoBe([36mtrue[39m)[33m;[39m
     [90m     |[39m                                [31m[1m^[22m[39m
     [90m 205 |[39m     })[33m;[39m
     [90m 206 |[39m
     [90m 207 |[39m     test([32m'isStorageAvailable returns false when localStorage is not 
available'[39m[33m,[39m () [33m=>[39m {[0m

      at Object.<anonymous> (src/utils/localStorage.test.js:204:32)

  ΓùÅ localStorage utilities ΓÇ║ Storage Availability ΓÇ║ isStorageAvailable returns false when localStorage is not 
available

    TypeError: (0 , _localStorage.isStorageAvailable) is not a function

    [0m [90m 211 |[39m       })[33m;[39m
     [90m 212 |[39m
    [31m[1m>[22m[39m[90m 213 |[39m       expect(isStorageAvailable())[33m.[39mtoBe([36mfalse[39m)[33m;[39m
     [90m     |[39m                                [31m[1m^[22m[39m
     [90m 214 |[39m
     [90m 215 |[39m       mockGetItem[33m.[39mmockRestore()[33m;[39m
     [90m 216 |[39m     })[33m;[39m[0m

      at Object.<anonymous> (src/utils/localStorage.test.js:213:32)

FAIL src/helpers/exportHelpers.test.js (5.763 s)
  ΓùÅ exportHelpers ΓÇ║ importFromJSON ΓÇ║ handles empty array

    No valid tasks found in file.

    [0m [90m 89 |[39m
     [90m 90 |[39m         [36mif[39m (validTasks[33m.[39mlength [33m===[39m [35m0[39m) {
    [31m[1m>[22m[39m[90m 91 |[39m           reject([36mnew[39m [33mError[39m([32m'No valid tasks found in 
file.'[39m))[33m;[39m
     [90m    |[39m                  [31m[1m^[22m[39m
     [90m 92 |[39m           [36mreturn[39m[33m;[39m
     [90m 93 |[39m         }
     [90m 94 |[39m[0m

      at FileReader.reader.onload (src/utils/exportHelpers.js:91:18)
      at FileReader.invokeTheCallbackFunction 
(node_modules/jsdom/lib/jsdom/living/generated/EventHandlerNonNull.js:14:28)
      at FileReader.<anonymous> (node_modules/jsdom/lib/jsdom/living/helpers/create-event-accessor.js:35:32)
      at innerInvokeEventListeners (node_modules/jsdom/lib/jsdom/living/events/EventTarget-impl.js:350:25)
      at invokeEventListeners (node_modules/jsdom/lib/jsdom/living/events/EventTarget-impl.js:286:3)
      at FileReaderImpl._dispatch (node_modules/jsdom/lib/jsdom/living/events/EventTarget-impl.js:233:9)
      at fireAnEvent (node_modules/jsdom/lib/jsdom/living/helpers/events.js:18:36)
      at FileReaderImpl._fireProgressEvent (node_modules/jsdom/lib/jsdom/living/file-api/FileReader-impl.js:63:5)
      at Immediate.<anonymous> (node_modules/jsdom/lib/jsdom/living/file-api/FileReader-impl.js:122:14)

PASS src/utils/taskHelpers.test.js (5.573 s)
PASS src/components/Task/TaskCard.test.jsx (6.363 s)
PASS src/components/ErrorBoundary/ErrorBoundary.test.jsx (6.568 s)
FAIL src/hooks/useHistory.test.js (6.553 s)
  ΓùÅ useHistory ΓÇ║ undo restores previous state

    expect(received).toEqual(expected) // deep equality

    - Expected  - 1
    + Received  + 1

      Object {
    -   "count": 1,
    +   "count": 0,
      }

    [0m [90m 45 |[39m     })[33m;[39m
     [90m 46 |[39m
    [31m[1m>[22m[39m[90m 47 |[39m     expect(result[33m.[39mcurrent[33m.[39mstate)[33m.[39mtoEqual({ 
count[33m:[39m [35m1[39m })[33m;[39m
     [90m    |[39m                                  [31m[1m^[22m[39m
     [90m 48 |[39m     expect(result[33m.[39mcurrent[33m.[39mcanUndo)[33m.[39mtoBe([36mtrue[39m)[33m;[39m
     [90m 49 |[39m     expect(result[33m.[39mcurrent[33m.[39mcanRedo)[33m.[39mtoBe([36mtrue[39m)[33m;[39m
     [90m 50 |[39m   })[33m;[39m[0m

      at Object.toEqual (src/hooks/useHistory.test.js:47:34)

  ΓùÅ useHistory ΓÇ║ setState clears redo history

    expect(received).toBe(expected) // Object.is equality

    Expected: true
    Received: false

    [0m [90m 100 |[39m     })[33m;[39m
     [90m 101 |[39m
    [31m[1m>[22m[39m[90m 102 |[39m     
expect(result[33m.[39mcurrent[33m.[39mcanRedo)[33m.[39mtoBe([36mtrue[39m)[33m;[39m
     [90m     |[39m                                    [31m[1m^[22m[39m
     [90m 103 |[39m
     [90m 104 |[39m     act(() [33m=>[39m {
     [90m 105 |[39m       result[33m.[39mcurrent[33m.[39msetState({ count[33m:[39m [35m3[39m })[33m;[39m[0m

      at Object.toBe (src/hooks/useHistory.test.js:102:36)

  ΓùÅ useHistory ΓÇ║ handles multiple undo/redo operations

    expect(received).toEqual(expected) // deep equality

    - Expected  - 1
    + Received  + 1

      Object {
    -   "count": 1,
    +   "count": 0,
      }

    [0m [90m 123 |[39m     })[33m;[39m
     [90m 124 |[39m
    [31m[1m>[22m[39m[90m 125 |[39m     expect(result[33m.[39mcurrent[33m.[39mstate)[33m.[39mtoEqual({ 
count[33m:[39m [35m1[39m })[33m;[39m
     [90m     |[39m                                  [31m[1m^[22m[39m
     [90m 126 |[39m
     [90m 127 |[39m     act(() [33m=>[39m {
     [90m 128 |[39m       result[33m.[39mcurrent[33m.[39mredo()[33m;[39m[0m

      at Object.toEqual (src/hooks/useHistory.test.js:125:34)

  ΓùÅ useHistory ΓÇ║ respects maxHistory limit

    expect(received).toBe(expected) // Object.is equality

    Expected: 3
    Received: 1

    [0m [90m 151 |[39m     }
     [90m 152 |[39m
    [31m[1m>[22m[39m[90m 153 |[39m     expect(undoCount)[33m.[39mtoBe([35m3[39m)[33m;[39m
     [90m     |[39m                       [31m[1m^[22m[39m
     [90m 154 |[39m   })[33m;[39m
     [90m 155 |[39m
     [90m 156 |[39m   test([32m'handles object state updates'[39m[33m,[39m () [33m=>[39m {[0m

      at Object.toBe (src/hooks/useHistory.test.js:153:23)

PASS src/components/ExportModal/ExportModal.test.jsx (6.777 s)
PASS src/context/BoardContext.test.jsx (6.7 s)
FAIL src/components/Toast/Toast.test.jsx (6.566 s)
  ΓùÅ Toast ΓÇ║ shows progress bar when duration > 0

    expect(received).toBeInTheDocument()

    received value must be an HTMLElement or an SVGElement.
    Received has value: null

    [0m [90m 69 |[39m     
     [90m 70 |[39m     [36mconst[39m progressBar [33m=[39m 
container[33m.[39mquerySelector([32m'.toast-progress'[39m)[33m;[39m
    [31m[1m>[22m[39m[90m 71 |[39m     expect(progressBar)[33m.[39mtoBeInTheDocument()[33m;[39m
     [90m    |[39m                         [31m[1m^[22m[39m
     [90m 72 |[39m   })[33m;[39m
     [90m 73 |[39m
     [90m 74 |[39m   test([32m'does not show progress bar when duration is 0'[39m[33m,[39m () [33m=>[39m {[0m

      at __EXTERNAL_MATCHER_TRAP__ (node_modules/expect/build/index.js:2240:22)
      at Object.throwingMatcher [as toBeInTheDocument] (node_modules/expect/build/index.js:2241:6)
      at Object.toBeInTheDocument (src/components/Toast/Toast.test.jsx:71:25)

FAIL src/components/Column/Column.test.jsx (6.541 s)
  ΓùÅ Column ΓÇ║ shows empty state when no tasks

    TestingLibraryElementError: Unable to find an element with the text: /no tasks/i. This could be because the text is 
broken up by multiple elements. In this case, you can provide a function for your text matcher to make your matcher 
more flexible.

    Ignored nodes: comments, script, style
    [36m<body>[39m
      [36m<div>[39m
        [36m<div[39m
          [33mclass[39m=[32m"column"[39m
        [36m>[39m
          [36m<div[39m
            [33mclass[39m=[32m"column-header"[39m
          [36m>[39m
            [36m<h2[39m
              [33mclass[39m=[32m"column-title"[39m
            [36m>[39m
              [0mTo Do[0m
            [36m</h2>[39m
            [36m<span[39m
              [33mclass[39m=[32m"column-count"[39m
            [36m>[39m
              [0m0[0m
            [36m</span>[39m
          [36m</div>[39m
          [36m<div[39m
            [33mclass[39m=[32m"task-form-container"[39m
          [36m>[39m
            [36m<button[39m
              [33mclass[39m=[32m"add-task-trigger"[39m
            [36m>[39m
              [0m+ Add a task[0m
            [36m</button>[39m
          [36m</div>[39m
          [36m<div[39m
            [33mclass[39m=[32m"column-content"[39m
          [36m>[39m
            [36m<div[39m
              [33mclass[39m=[32m"empty-state"[39m
            [36m>[39m
              [0mAdd a task to get started[0m
            [36m</div>[39m
          [36m</div>[39m
        [36m</div>[39m
      [36m</div>[39m
    [36m</body>[39m

    [0m [90m 61 |[39m       [33m<[39m[33m/[39m[33mBoardProvider[39m[33m>[39m
     [90m 62 |[39m     )[33m;[39m
    [31m[1m>[22m[39m[90m 63 |[39m     expect(screen[33m.[39mgetByText([35m/no 
tasks/i[39m))[33m.[39mtoBeInTheDocument()[33m;[39m
     [90m    |[39m                   [31m[1m^[22m[39m
     [90m 64 |[39m   })[33m;[39m
     [90m 65 |[39m
     [90m 66 |[39m   test([32m'applies correct CSS classes'[39m[33m,[39m () [33m=>[39m {[0m

      at Object.getElementError (node_modules/@testing-library/dom/dist/config.js:37:19)
      at node_modules/@testing-library/dom/dist/query-helpers.js:76:38
      at node_modules/@testing-library/dom/dist/query-helpers.js:52:17
      at node_modules/@testing-library/dom/dist/query-helpers.js:95:19
      at Object.getByText (src/components/Column/Column.test.jsx:63:19)

  ΓùÅ Column ΓÇ║ renders TaskForm in todo column

    expect(received).toBeInTheDocument()

    received value must be an HTMLElement or an SVGElement.
    Received has value: null

    [0m [90m 84 |[39m     [90m// Check if task form elements are present[39m
     [90m 85 |[39m     [36mconst[39m input [33m=[39m 
screen[33m.[39mqueryByPlaceholderText([35m/enter.*task/i[39m)[33m;[39m
    [31m[1m>[22m[39m[90m 86 |[39m     expect(input)[33m.[39mtoBeInTheDocument()[33m;[39m
     [90m    |[39m                   [31m[1m^[22m[39m
     [90m 87 |[39m   })[33m;[39m
     [90m 88 |[39m })[33m;[39m
     [90m 89 |[39m[0m

      at __EXTERNAL_MATCHER_TRAP__ (node_modules/expect/build/index.js:2240:22)
      at Object.throwingMatcher [as toBeInTheDocument] (node_modules/expect/build/index.js:2241:6)
      at Object.toBeInTheDocument (src/components/Column/Column.test.jsx:86:19)

FAIL src/components/Filter/Filter.test.jsx (6.751 s)
  ΓùÅ Filter ΓÇ║ renders search input

    TestingLibraryElementError: Unable to find an element with the placeholder text of: /search.*task/i

    Ignored nodes: comments, script, style
    [36m<body>[39m
      [36m<div>[39m
        [36m<div[39m
          [33mclass[39m=[32m"filter-container"[39m
        [36m>[39m
          [36m<div[39m
            [33mclass[39m=[32m"filter-row"[39m
          [36m>[39m
            [36m<div[39m
              [33mclass[39m=[32m"filter-group"[39m
            [36m>[39m
              [36m<div[39m
                [33mclass[39m=[32m"filter-label"[39m
              [36m>[39m
                [0mFilter:[0m
              [36m</div>[39m
              [36m<div[39m
                [33mclass[39m=[32m"filter-buttons"[39m
              [36m>[39m
                [36m<button[39m
                  [33maria-label[39m=[32m"Filter by All Tasks"[39m
                  [33maria-pressed[39m=[32m"true"[39m
                  [33mclass[39m=[32m"filter-btn active"[39m
                [36m>[39m
                  [0mAll Tasks[0m
                  [36m<span[39m
                    [33mclass[39m=[32m"filter-count"[39m
                  [36m>[39m
                    [0m0[0m
                  [36m</span>[39m
                [36m</button>[39m
                [36m<button[39m
                  [33maria-label[39m=[32m"Filter by To Do"[39m
                  [33maria-pressed[39m=[32m"false"[39m
                  [33mclass[39m=[32m"filter-btn "[39m
                [36m>[39m
                  [0mTo Do[0m
                  [36m<span[39m
                    [33mclass[39m=[32m"filter-count"[39m
                  [36m>[39m
                    [0m0[0m
                  [36m</span>[39m
                [36m</button>[39m
                [36m<button[39m
                  [33maria-label[39m=[32m"Filter by In Progress"[39m
                  [33maria-pressed[39m=[32m"false"[39m
                  [33mclass[39m=[32m"filter-btn "[39m
                [36m>[39m
                  [0mIn Progress[0m
                  [36m<span[39m
                    [33mclass[39m=[32m"filter-count"[39m
                  [36m>[39m
                    [0m0[0m
                  [36m</span>[39m
                [36m</button>[39m
                [36m<button[39m
                  [33maria-label[39m=[32m"Filter by Done"[39m
                  [33maria-pressed[39m=[32m"false"[39m
                  [33mclass[39m=[32m"filter-btn "[39m
                [36m>[39m
                  [0mDone[0m
                  [36m<span[39m
                    [33mclass[39m=[32m"filter-count"[39m
                  [36m>[39m
                    [0m0[0m
                  [36m</span>[39m
                [36m</button>[39m
              [36m</div>[39m
            [36m</div>[39m
            [36m<div[39m
              [33mclass[39m=[32m"search-group"[39m
            [36m>[39m
              [36m<button[39m
                [33maria-label[39m=[32m"Toggle search"[39m
                [33mclass[39m=[32m"search-toggle "[39m
                [33mtitle[39m=[32m"Search tasks"[39m
              [36m>[39m
                [0m≡ƒöì[0m
              [36m</button>[39m
            [36m</div>[39m
          [36m</div>[39m
        [36m</div>[39m
      [36m</div>[39m
    [36m</body>[39m

    [0m [90m 16 |[39m     )[33m;[39m
     [90m 17 |[39m     
    [31m[1m>[22m[39m[90m 18 |[39m     [36mconst[39m input [33m=[39m 
screen[33m.[39mgetByPlaceholderText([35m/search.*task/i[39m)[33m;[39m
     [90m    |[39m                          [31m[1m^[22m[39m
     [90m 19 |[39m     expect(input)[33m.[39mtoBeInTheDocument()[33m;[39m
     [90m 20 |[39m   })[33m;[39m
     [90m 21 |[39m[0m

      at Object.getElementError (node_modules/@testing-library/dom/dist/config.js:37:19)
      at node_modules/@testing-library/dom/dist/query-helpers.js:76:38
      at node_modules/@testing-library/dom/dist/query-helpers.js:52:17
      at node_modules/@testing-library/dom/dist/query-helpers.js:95:19
      at Object.getByPlaceholderText (src/components/Filter/Filter.test.jsx:18:26)

  ΓùÅ Filter ΓÇ║ calls onSearchChange when typing

    TestingLibraryElementError: Unable to find an element with the placeholder text of: /search.*task/i

    Ignored nodes: comments, script, style
    [36m<body>[39m
      [36m<div>[39m
        [36m<div[39m
          [33mclass[39m=[32m"filter-container"[39m
        [36m>[39m
          [36m<div[39m
            [33mclass[39m=[32m"filter-row"[39m
          [36m>[39m
            [36m<div[39m
              [33mclass[39m=[32m"filter-group"[39m
            [36m>[39m
              [36m<div[39m
                [33mclass[39m=[32m"filter-label"[39m
              [36m>[39m
                [0mFilter:[0m
              [36m</div>[39m
              [36m<div[39m
                [33mclass[39m=[32m"filter-buttons"[39m
              [36m>[39m
                [36m<button[39m
                  [33maria-label[39m=[32m"Filter by All Tasks"[39m
                  [33maria-pressed[39m=[32m"true"[39m
                  [33mclass[39m=[32m"filter-btn active"[39m
                [36m>[39m
                  [0mAll Tasks[0m
                  [36m<span[39m
                    [33mclass[39m=[32m"filter-count"[39m
                  [36m>[39m
                    [0m0[0m
                  [36m</span>[39m
                [36m</button>[39m
                [36m<button[39m
                  [33maria-label[39m=[32m"Filter by To Do"[39m
                  [33maria-pressed[39m=[32m"false"[39m
                  [33mclass[39m=[32m"filter-btn "[39m
                [36m>[39m
                  [0mTo Do[0m
                  [36m<span[39m
                    [33mclass[39m=[32m"filter-count"[39m
                  [36m>[39m
                    [0m0[0m
                  [36m</span>[39m
                [36m</button>[39m
                [36m<button[39m
                  [33maria-label[39m=[32m"Filter by In Progress"[39m
                  [33maria-pressed[39m=[32m"false"[39m
                  [33mclass[39m=[32m"filter-btn "[39m
                [36m>[39m
                  [0mIn Progress[0m
                  [36m<span[39m
                    [33mclass[39m=[32m"filter-count"[39m
                  [36m>[39m
                    [0m0[0m
                  [36m</span>[39m
                [36m</button>[39m
                [36m<button[39m
                  [33maria-label[39m=[32m"Filter by Done"[39m
                  [33maria-pressed[39m=[32m"false"[39m
                  [33mclass[39m=[32m"filter-btn "[39m
                [36m>[39m
                  [0mDone[0m
                  [36m<span[39m
                    [33mclass[39m=[32m"filter-count"[39m
                  [36m>[39m
                    [0m0[0m
                  [36m</span>[39m
                [36m</button>[39m
              [36m</div>[39m
            [36m</div>[39m
            [36m<div[39m
              [33mclass[39m=[32m"search-group"[39m
            [36m>[39m
              [36m<button[39m
                [33maria-label[39m=[32m"Toggle search"[39m
                [33mclass[39m=[32m"search-toggle "[39m
                [33mtitle[39m=[32m"Search tasks"[39m
              [36m>[39m
                [0m≡ƒöì[0m
              [36m</button>[39m
            [36m</div>[39m
          [36m</div>[39m
        [36m</div>[39m
      [36m</div>[39m
    [36m</body>[39m

    [0m [90m 27 |[39m     )[33m;[39m
     [90m 28 |[39m     
    [31m[1m>[22m[39m[90m 29 |[39m     [36mconst[39m input [33m=[39m 
screen[33m.[39mgetByPlaceholderText([35m/search.*task/i[39m)[33m;[39m
     [90m    |[39m                          [31m[1m^[22m[39m
     [90m 30 |[39m     fireEvent[33m.[39mchange(input[33m,[39m { target[33m:[39m { value[33m:[39m [32m'new 
search'[39m } })[33m;[39m
     [90m 31 |[39m     
     [90m 32 |[39m     expect(input[33m.[39mvalue)[33m.[39mtoBe([32m'new search'[39m)[33m;[39m[0m

      at Object.getElementError (node_modules/@testing-library/dom/dist/config.js:37:19)
      at node_modules/@testing-library/dom/dist/query-helpers.js:76:38
      at node_modules/@testing-library/dom/dist/query-helpers.js:52:17
      at node_modules/@testing-library/dom/dist/query-helpers.js:95:19
      at Object.getByPlaceholderText (src/components/Filter/Filter.test.jsx:29:26)

  ΓùÅ Filter ΓÇ║ mentions task number in placeholder

    TestingLibraryElementError: Unable to find an element with the placeholder text of: /task/i

    Ignored nodes: comments, script, style
    [36m<body>[39m
      [36m<div>[39m
        [36m<div[39m
          [33mclass[39m=[32m"filter-container"[39m
        [36m>[39m
          [36m<div[39m
            [33mclass[39m=[32m"filter-row"[39m
          [36m>[39m
            [36m<div[39m
              [33mclass[39m=[32m"filter-group"[39m
            [36m>[39m
              [36m<div[39m
                [33mclass[39m=[32m"filter-label"[39m
              [36m>[39m
                [0mFilter:[0m
              [36m</div>[39m
              [36m<div[39m
                [33mclass[39m=[32m"filter-buttons"[39m
              [36m>[39m
                [36m<button[39m
                  [33maria-label[39m=[32m"Filter by All Tasks"[39m
                  [33maria-pressed[39m=[32m"true"[39m
                  [33mclass[39m=[32m"filter-btn active"[39m
                [36m>[39m
                  [0mAll Tasks[0m
                  [36m<span[39m
                    [33mclass[39m=[32m"filter-count"[39m
                  [36m>[39m
                    [0m0[0m
                  [36m</span>[39m
                [36m</button>[39m
                [36m<button[39m
                  [33maria-label[39m=[32m"Filter by To Do"[39m
                  [33maria-pressed[39m=[32m"false"[39m
                  [33mclass[39m=[32m"filter-btn "[39m
                [36m>[39m
                  [0mTo Do[0m
                  [36m<span[39m
                    [33mclass[39m=[32m"filter-count"[39m
                  [36m>[39m
                    [0m0[0m
                  [36m</span>[39m
                [36m</button>[39m
                [36m<button[39m
                  [33maria-label[39m=[32m"Filter by In Progress"[39m
                  [33maria-pressed[39m=[32m"false"[39m
                  [33mclass[39m=[32m"filter-btn "[39m
                [36m>[39m
                  [0mIn Progress[0m
                  [36m<span[39m
                    [33mclass[39m=[32m"filter-count"[39m
                  [36m>[39m
                    [0m0[0m
                  [36m</span>[39m
                [36m</button>[39m
                [36m<button[39m
                  [33maria-label[39m=[32m"Filter by Done"[39m
                  [33maria-pressed[39m=[32m"false"[39m
                  [33mclass[39m=[32m"filter-btn "[39m
                [36m>[39m
                  [0mDone[0m
                  [36m<span[39m
                    [33mclass[39m=[32m"filter-count"[39m
                  [36m>[39m
                    [0m0[0m
                  [36m</span>[39m
                [36m</button>[39m
              [36m</div>[39m
            [36m</div>[39m
            [36m<div[39m
              [33mclass[39m=[32m"search-group"[39m
            [36m>[39m
              [36m<button[39m
                [33maria-label[39m=[32m"Toggle search"[39m
                [33mclass[39m=[32m"search-toggle "[39m
                [33mtitle[39m=[32m"Search tasks"[39m
              [36m>[39m
                [0m≡ƒöì[0m
              [36m</button>[39m
            [36m</div>[39m
          [36m</div>[39m
        [36m</div>[39m
      [36m</div>[39m
    [36m</body>[39m

    [0m [90m 40 |[39m     )[33m;[39m
     [90m 41 |[39m     
    [31m[1m>[22m[39m[90m 42 |[39m     [36mconst[39m input [33m=[39m 
screen[33m.[39mgetByPlaceholderText([35m/task/i[39m)[33m;[39m
     [90m    |[39m                          [31m[1m^[22m[39m
     [90m 43 |[39m     expect(input)[33m.[39mtoBeInTheDocument()[33m;[39m
     [90m 44 |[39m   })[33m;[39m
     [90m 45 |[39m[0m

      at Object.getElementError (node_modules/@testing-library/dom/dist/config.js:37:19)
      at node_modules/@testing-library/dom/dist/query-helpers.js:76:38
      at node_modules/@testing-library/dom/dist/query-helpers.js:52:17
      at node_modules/@testing-library/dom/dist/query-helpers.js:95:19
      at Object.getByPlaceholderText (src/components/Filter/Filter.test.jsx:42:26)

PASS src/components/Header/Header.test.jsx (6.854 s)
PASS src/App.test.jsx (7.979 s)
----------------------------------|---------|----------|---------|---------|------------------------------------------------------------------------------
File                              | % Stmts | % Branch | % Funcs | % Lines | Uncovered Line #s                                                            
----------------------------------|---------|----------|---------|---------|------------------------------------------------------------------------------
All files                         |   55.54 |    40.88 |   52.87 |   57.74 |                                                                              
 src                              |     100 |      100 |     100 |     100 |                                                                              
  App.jsx                         |     100 |      100 |     100 |     100 |                                                                              
 src/components/Board             |    26.8 |     5.45 |   16.66 |   28.26 |                                                                              
  Board.jsx                       |    26.8 |     5.45 |   16.66 |   28.26 | 32-38,47-49,57-70,80-100,107,114-119,127-138,145-157,164-169,175-179,185-194 
 src/components/Column            |   40.54 |    39.47 |      50 |   48.38 |                                                                              
  Column.jsx                      |   40.54 |    39.47 |      50 |   48.38 | 31-32,40-59,66-67                                                            
 src/components/ErrorBoundary     |   66.66 |    66.66 |   66.66 |   66.66 |                                                                              
  ErrorBoundary.jsx               |   66.66 |    66.66 |   66.66 |   66.66 | 32-38,42-44                                                                  
 src/components/ExportModal       |   38.46 |       50 |   30.76 |   39.58 |                                                                              
  ExportModal.jsx                 |   38.46 |       50 |   30.76 |   39.58 | 33-37,45,49-95,100,156,217                                                   
 src/components/Filter            |   84.21 |       90 |   71.42 |   84.21 |                                                                              
  Filter.jsx                      |   84.21 |       90 |   71.42 |   84.21 | 24,39,53                                                                     
 src/components/Header            |   85.71 |      100 |   66.66 |   85.71 |                                                                              
  Header.jsx                      |   85.71 |      100 |   66.66 |   85.71 | 73                                                                           
 src/components/KeyboardShortcuts |      50 |       25 |   14.28 |      50 |                                                                              
  KeyboardShortcuts.jsx           |      50 |       25 |   14.28 |      50 | 22,26-28,49-64                                                               
 src/components/Task              |   46.34 |    28.57 |      50 |    48.3 |                                                                              
  TaskCard.jsx                    |   34.83 |    19.14 |   33.33 |    36.9 | 25,34-43,48-49,61-89,106-111,119-124,133-155                                 
  TaskForm.jsx                    |   76.47 |    56.25 |   83.33 |   76.47 | 26,30,45,57-58,74-76                                                         
 src/components/Toast             |     100 |    83.33 |     100 |     100 |                                                                              
  Toast.jsx                       |     100 |    83.33 |     100 |     100 | 9                                                                            
 src/constants                    |     100 |      100 |     100 |     100 |                                                                              
  index.js                        |     100 |      100 |     100 |     100 |                                                                              
 src/context                      |   87.67 |    59.09 |   83.33 |    88.4 |                                                                              
  BoardContext.jsx                |   87.67 |    59.09 |   83.33 |    88.4 | 20,52,127-129,164-167                                                        
 src/hooks                        |   75.86 |    71.42 |   83.33 |   78.57 |                                                                              
  useHistory.js                   |   75.86 |    71.42 |   83.33 |   78.57 | 24-26,46-48                                                                  
 src/utils                        |   58.54 |    51.45 |   47.27 |   61.26 |                                                                              
  exportHelpers.js                |   77.92 |    71.42 |   56.25 |   77.63 | 38-39,51-52,56-57,69-70,108,151-152,165-174                                  
  localStorage.js                 |   67.94 |    77.41 |   69.23 |   67.94 | 24,63-64,77-78,87-94,103-111,136-137,152-153,165,189,204,212                 
  taskHelpers.js                  |   30.37 |    20.45 |   30.76 |   35.29 | 41-57,70,79,88-94,104-110,123-153,177-183,211-212,225-236                    
----------------------------------|---------|----------|---------|---------|------------------------------------------------------------------------------

Test Suites: 6 failed, 7 passed, 13 total
Tests:       18 failed, 125 passed, 143 total
Snapshots:   0 total
Time:        14.557 s
Ran all test suites.
